Flow report for gpu
<<<<<<< HEAD
Tue Sep  1 16:44:23 2026
=======
Sat Oct 10 17:23:18 2026
>>>>>>> 1ee5570 (busca ativa com erros de exibição)
Quartus Prime Version 25.1std.0 Build 1129 10/21/2025 SC Lite Edition


---------------------
; Table of Contents ;
---------------------
  1. Legal Notice
  2. Flow Summary
  3. Flow Settings
  4. Flow Non-Default Global Settings
  5. Flow Elapsed Time
  6. Flow OS Summary
  7. Flow Log
  8. Flow Messages
  9. Flow Suppressed Messages



----------------
; Legal Notice ;
----------------
Copyright (C) 2025  Altera Corporation. All rights reserved.
Your use of Altera Corporation's design tools, logic functions 
and other software and tools, and any partner logic 
functions, and any output files from any of the foregoing 
(including device programming or simulation files), and any 
associated documentation or information are expressly subject 
to the terms and conditions of the Altera Program License 
Subscription Agreement, the Altera Quartus Prime License Agreement,
the Altera IP License Agreement, or other applicable license
agreement, including, without limitation, that your use is for
the sole purpose of programming logic devices manufactured by
Altera and sold by Altera or its authorized distributors.  Please
refer to the Altera Software License Subscription Agreements 
on the Quartus Prime software download page.



+-----------------------------------------------------------------------------------+
; Flow Summary                                                                      ;
+---------------------------------+-------------------------------------------------+
<<<<<<< HEAD
; Flow Status                     ; Successful - Tue Sep  1 16:44:17 2026           ;
=======
; Flow Status                     ; Successful - Sat Oct 10 17:23:13 2026           ;
>>>>>>> 1ee5570 (busca ativa com erros de exibição)
; Quartus Prime Version           ; 25.1std.0 Build 1129 10/21/2025 SC Lite Edition ;
; Revision Name                   ; gpu                                             ;
; Top-level Entity Name           ; gpu_de1_soc_top                                 ;
; Family                          ; Cyclone V                                       ;
; Device                          ; 5CSEMA5F31C6                                    ;
; Timing Models                   ; Final                                           ;
<<<<<<< HEAD
; Logic utilization (in ALMs)     ; 2,204 / 32,070 ( 7 % )                          ;
; Total registers                 ; 2870                                            ;
; Total pins                      ; 54 / 457 ( 12 % )                               ;
; Total virtual pins              ; 0                                               ;
; Total block memory bits         ; 751,616 / 4,065,280 ( 18 % )                    ;
; Total DSP Blocks                ; 6 / 87 ( 7 % )                                  ;
=======
; Logic utilization (in ALMs)     ; 404 / 32,070 ( 1 % )                            ;
; Total registers                 ; 321                                             ;
; Total pins                      ; 54 / 457 ( 12 % )                               ;
; Total virtual pins              ; 0                                               ;
; Total block memory bits         ; 137,216 / 4,065,280 ( 3 % )                     ;
; Total DSP Blocks                ; 2 / 87 ( 2 % )                                  ;
>>>>>>> 1ee5570 (busca ativa com erros de exibição)
; Total HSSI RX PCSs              ; 0                                               ;
; Total HSSI PMA RX Deserializers ; 0                                               ;
; Total HSSI TX PCSs              ; 0                                               ;
; Total HSSI PMA TX Serializers   ; 0                                               ;
; Total PLLs                      ; 0 / 6 ( 0 % )                                   ;
; Total DLLs                      ; 0 / 4 ( 0 % )                                   ;
+---------------------------------+-------------------------------------------------+


+-----------------------------------------+
; Flow Settings                           ;
+-------------------+---------------------+
; Option            ; Setting             ;
+-------------------+---------------------+
<<<<<<< HEAD
; Start date & time ; 09/01/2026 16:43:11 ;
=======
; Start date & time ; 10/10/2026 17:22:37 ;
>>>>>>> 1ee5570 (busca ativa com erros de exibição)
; Main task         ; Compilation         ;
; Revision Name     ; gpu                 ;
+-------------------+---------------------+


+-----------------------------------------------------------------------------------------------------------------------------+
; Flow Non-Default Global Settings                                                                                            ;
+-------------------------------------+----------------------------------------+---------------+-----------------+------------+
; Assignment Name                     ; Value                                  ; Default Value ; Entity Name     ; Section Id ;
+-------------------------------------+----------------------------------------+---------------+-----------------+------------+
<<<<<<< HEAD
; COMPILER_SIGNATURE_ID               ; 268809273967941.178829179157645        ; --            ; --              ; --         ;
=======
; COMPILER_SIGNATURE_ID               ; 268809274018141.179166375740444        ; --            ; --              ; --         ;
>>>>>>> 1ee5570 (busca ativa com erros de exibição)
; MAX_CORE_JUNCTION_TEMP              ; 85                                     ; --            ; --              ; --         ;
; MIN_CORE_JUNCTION_TEMP              ; 0                                      ; --            ; --              ; --         ;
; PARTITION_COLOR                     ; -- (Not supported for targeted family) ; --            ; gpu_de1_soc_top ; Top        ;
; PARTITION_FITTER_PRESERVATION_LEVEL ; -- (Not supported for targeted family) ; --            ; gpu_de1_soc_top ; Top        ;
; PARTITION_NETLIST_TYPE              ; -- (Not supported for targeted family) ; --            ; gpu_de1_soc_top ; Top        ;
; POWER_BOARD_THERMAL_MODEL           ; None (CONSERVATIVE)                    ; --            ; --              ; --         ;
; POWER_PRESET_COOLING_SOLUTION       ; 23 MM HEAT SINK WITH 200 LFPM AIRFLOW  ; --            ; --              ; --         ;
; PROJECT_OUTPUT_DIRECTORY            ; output_files                           ; --            ; --              ; --         ;
; TOP_LEVEL_ENTITY                    ; gpu_de1_soc_top                        ; gpu           ; --              ; --         ;
+-------------------------------------+----------------------------------------+---------------+-----------------+------------+


+--------------------------------------------------------------------------------------------------------------------------+
; Flow Elapsed Time                                                                                                        ;
+----------------------+--------------+-------------------------+---------------------+------------------------------------+
; Module Name          ; Elapsed Time ; Average Processors Used ; Peak Virtual Memory ; Total CPU Time (on all processors) ;
+----------------------+--------------+-------------------------+---------------------+------------------------------------+
<<<<<<< HEAD
; Analysis & Synthesis ; 00:00:08     ; 1.0                     ; 597 MB              ; 00:00:16                           ;
; Fitter               ; 00:00:51     ; 1.5                     ; 2632 MB             ; 00:04:13                           ;
; Assembler            ; 00:00:04     ; 1.0                     ; 558 MB              ; 00:00:04                           ;
; Timing Analyzer      ; 00:00:06     ; 4.3                     ; 1052 MB             ; 00:00:19                           ;
; Total                ; 00:01:09     ; --                      ; --                  ; 00:04:52                           ;
=======
; Analysis & Synthesis ; 00:00:07     ; 1.0                     ; 599 MB              ; 00:00:17                           ;
; Fitter               ; 00:00:23     ; 1.2                     ; 2598 MB             ; 00:01:49                           ;
; Assembler            ; 00:00:03     ; 1.0                     ; 519 MB              ; 00:00:04                           ;
; Timing Analyzer      ; 00:00:04     ; 1.9                     ; 1002 MB             ; 00:00:06                           ;
; Total                ; 00:00:37     ; --                      ; --                  ; 00:02:16                           ;
>>>>>>> 1ee5570 (busca ativa com erros de exibição)
+----------------------+--------------+-------------------------+---------------------+------------------------------------+


+---------------------------------------------------------------------------------+
; Flow OS Summary                                                                 ;
+----------------------+------------------+---------+------------+----------------+
; Module Name          ; Machine Hostname ; OS Name ; OS Version ; Processor type ;
+----------------------+------------------+---------+------------+----------------+
<<<<<<< HEAD
; Analysis & Synthesis ; LEDS-54155       ; Ubuntu  ; 24         ; x86_64         ;
; Fitter               ; LEDS-54155       ; Ubuntu  ; 24         ; x86_64         ;
; Assembler            ; LEDS-54155       ; Ubuntu  ; 24         ; x86_64         ;
; Timing Analyzer      ; LEDS-54155       ; Ubuntu  ; 24         ; x86_64         ;
=======
; Analysis & Synthesis ; LEDS-54153       ; Ubuntu  ; 24         ; x86_64         ;
; Fitter               ; LEDS-54153       ; Ubuntu  ; 24         ; x86_64         ;
; Assembler            ; LEDS-54153       ; Ubuntu  ; 24         ; x86_64         ;
; Timing Analyzer      ; LEDS-54153       ; Ubuntu  ; 24         ; x86_64         ;
>>>>>>> 1ee5570 (busca ativa com erros de exibição)
+----------------------+------------------+---------+------------+----------------+


------------
; Flow Log ;
------------
quartus_map --read_settings_files=on --write_settings_files=off gpu -c gpu
quartus_fit --read_settings_files=off --write_settings_files=off gpu -c gpu
quartus_asm --read_settings_files=off --write_settings_files=off gpu -c gpu
quartus_sta gpu -c gpu



