Assembler report for gpu
<<<<<<< HEAD
Tue Sep  1 16:44:17 2026
=======
Sat Oct 10 17:23:13 2026
>>>>>>> 1ee5570 (busca ativa com erros de exibição)
Quartus Prime Version 25.1std.0 Build 1129 10/21/2025 SC Lite Edition


---------------------
; Table of Contents ;
---------------------
  1. Legal Notice
  2. Assembler Summary
  3. Assembler Settings
  4. Assembler Generated Files
  5. Assembler Device Options: gpu.sof
  6. Assembler Messages



----------------
; Legal Notice ;
----------------
Copyright (C) 2025  Altera Corporation. All rights reserved.
Your use of Altera Corporation's design tools, logic functions 
and other software and tools, and any partner logic 
functions, and any output files from any of the foregoing 
(including device programming or simulation files), and any 
associated documentation or information are expressly subject 
to the terms and conditions of the Altera Program License 
Subscription Agreement, the Altera Quartus Prime License Agreement,
the Altera IP License Agreement, or other applicable license
agreement, including, without limitation, that your use is for
the sole purpose of programming logic devices manufactured by
Altera and sold by Altera or its authorized distributors.  Please
refer to the Altera Software License Subscription Agreements 
on the Quartus Prime software download page.



+---------------------------------------------------------------+
; Assembler Summary                                             ;
+-----------------------+---------------------------------------+
<<<<<<< HEAD
; Assembler Status      ; Successful - Tue Sep  1 16:44:17 2026 ;
=======
; Assembler Status      ; Successful - Sat Oct 10 17:23:13 2026 ;
>>>>>>> 1ee5570 (busca ativa com erros de exibição)
; Revision Name         ; gpu                                   ;
; Top-level Entity Name ; gpu_de1_soc_top                       ;
; Family                ; Cyclone V                             ;
; Device                ; 5CSEMA5F31C6                          ;
+-----------------------+---------------------------------------+


+----------------------------------+
; Assembler Settings               ;
+--------+---------+---------------+
; Option ; Setting ; Default Value ;
+--------+---------+---------------+


<<<<<<< HEAD
+-----------------------------------------------------+
; Assembler Generated Files                           ;
+-----------------------------------------------------+
; File Name                                           ;
+-----------------------------------------------------+
; /home/aluno/Downloads/PBL1_rml/output_files/gpu.sof ;
+-----------------------------------------------------+
=======
+------------------------------------------------------------------------------+
; Assembler Generated Files                                                    ;
+------------------------------------------------------------------------------+
; File Name                                                                    ;
+------------------------------------------------------------------------------+
; /home/aluno/Downloads/PBL2SD-pbl2-etapa3-conclusao-pbl1/output_files/gpu.sof ;
+------------------------------------------------------------------------------+
>>>>>>> 1ee5570 (busca ativa com erros de exibição)


+-----------------------------------+
; Assembler Device Options: gpu.sof ;
+----------------+------------------+
; Option         ; Setting          ;
+----------------+------------------+
<<<<<<< HEAD
; JTAG usercode  ; 0x02C7BF2A       ;
; Checksum       ; 0x02C7BF2A       ;
=======
; JTAG usercode  ; 0x01004365       ;
; Checksum       ; 0x01004365       ;
>>>>>>> 1ee5570 (busca ativa com erros de exibição)
+----------------+------------------+


+--------------------+
; Assembler Messages ;
+--------------------+
Info: *******************************************************************
Info: Running Quartus Prime Assembler
    Info: Version 25.1std.0 Build 1129 10/21/2025 SC Lite Edition
<<<<<<< HEAD
    Info: Processing started: Tue Sep  1 16:44:13 2026
=======
    Info: Processing started: Sat Oct 10 17:23:10 2026
>>>>>>> 1ee5570 (busca ativa com erros de exibição)
Info: Command: quartus_asm --read_settings_files=off --write_settings_files=off gpu -c gpu
Warning (18236): Number of processors has not been specified which may cause overloading on shared machines.  Set the global assignment NUM_PARALLEL_PROCESSORS in your QSF to an appropriate value for best performance.
Info (115030): Assembler is generating device programming files
Info: Quartus Prime Assembler was successful. 0 errors, 1 warning
<<<<<<< HEAD
    Info: Peak virtual memory: 558 megabytes
    Info: Processing ended: Tue Sep  1 16:44:17 2026
    Info: Elapsed time: 00:00:04
=======
    Info: Peak virtual memory: 519 megabytes
    Info: Processing ended: Sat Oct 10 17:23:13 2026
    Info: Elapsed time: 00:00:03
>>>>>>> 1ee5570 (busca ativa com erros de exibição)
    Info: Total CPU time (on all processors): 00:00:04


